<?xml version="1.0" encoding="utf-8"?><testsuite errors="0" failures="0" name="pytest" skips="0" tests="100" time="0.138"><testcase classname="generate-results" file="generate-results.py" line="12" name="test_case[0]" time="0.000686168670654"></testcase><testcase classname="generate-results" file="generate-results.py" line="12" name="test_case[1]" time="0.000433206558228"></testcase><testcase classname="generate-results" file="generate-results.py" line="12" name="test_case[2]" time="0.000422716140747"></testcase><testcase classname="generate-results" file="generate-results.py" line="12" name="test_case[3]" time="0.000494003295898"></testcase><testcase classname="generate-results" file="generate-results.py" line="12" name="test_case[4]" time="0.00043797492981"></testcase><testcase classname="generate-results" file="generate-results.py" line="12" name="test_case[5]" time="0.000437021255493"></testcase><testcase classname="generate-results" file="generate-results.py" line="12" name="test_case[6]" time="0.000472784042358"></testcase><testcase classname="generate-results" file="generate-results.py" line="12" name="test_case[7]" time="0.000596046447754"></testcase><testcase classname="generate-results" file="generate-results.py" line="12" name="test_case[8]" time="0.000441789627075"></testcase><testcase classname="generate-results" file="generate-results.py" line="12" name="test_case[9]" time="0.000416994094849"></testcase><testcase classname="generate-results" file="generate-results.py" line="12" name="test_case[10]" time="0.000432968139648"></testcase><testcase classname="generate-results" file="generate-results.py" line="12" name="test_case[11]" time="0.000417947769165"></testcase><testcase classname="generate-results" file="generate-results.py" line="12" name="test_case[12]" time="0.000422954559326"></testcase><testcase classname="generate-results" file="generate-results.py" line="12" name="test_case[13]" time="0.000432014465332"></testcase><testcase classname="generate-results" file="generate-results.py" line="12" name="test_case[14]" time="0.000426769256592"></testcase><testcase classname="generate-results" file="generate-results.py" line="12" name="test_case[15]" time="0.000432014465332"></testcase><testcase classname="generate-results" file="generate-results.py" line="12" name="test_case[16]" time="0.000465631484985"></testcase><testcase classname="generate-results" file="generate-results.py" line="12" name="test_case[17]" time="0.000438928604126"></testcase><testcase classname="generate-results" file="generate-results.py" line="12" name="test_case[18]" time="0.000419616699219"></testcase><testcase classname="generate-results" file="generate-results.py" line="12" name="test_case[19]" time="0.000419855117798"></testcase><testcase classname="generate-results" file="generate-results.py" line="12" name="test_case[20]" time="0.000424861907959"></testcase><testcase classname="generate-results" file="generate-results.py" line="12" name="test_case[21]" time="0.000464200973511"></testcase><testcase classname="generate-results" file="generate-results.py" line="12" name="test_case[22]" time="0.000422954559326"></testcase><testcase classname="generate-results" file="generate-results.py" line="12" name="test_case[23]" time="0.000454664230347"></testcase><testcase classname="generate-results" file="generate-results.py" line="12" name="test_case[24]" time="0.000421047210693"></testcase><testcase classname="generate-results" file="generate-results.py" line="12" name="test_case[25]" time="0.000452041625977"></testcase><testcase classname="generate-results" file="generate-results.py" line="12" name="test_case[26]" time="0.000473022460938"></testcase><testcase classname="generate-results" file="generate-results.py" line="12" name="test_case[27]" time="0.000458717346191"></testcase><testcase classname="generate-results" file="generate-results.py" line="12" name="test_case[28]" time="0.000465869903564"></testcase><testcase classname="generate-results" file="generate-results.py" line="12" name="test_case[29]" time="0.000456094741821"></testcase><testcase classname="generate-results" file="generate-results.py" line="12" name="test_case[30]" time="0.000418901443481"></testcase><testcase classname="generate-results" file="generate-results.py" line="12" name="test_case[31]" time="0.000441074371338"></testcase><testcase classname="generate-results" file="generate-results.py" line="12" name="test_case[32]" time="0.000422954559326"></testcase><testcase classname="generate-results" file="generate-results.py" line="12" name="test_case[33]" time="0.00047779083252"></testcase><testcase classname="generate-results" file="generate-results.py" line="12" name="test_case[34]" time="0.000418424606323"></testcase><testcase classname="generate-results" file="generate-results.py" line="12" name="test_case[35]" time="0.000423192977905"></testcase><testcase classname="generate-results" file="generate-results.py" line="12" name="test_case[36]" time="0.000425100326538"></testcase><testcase classname="generate-results" file="generate-results.py" line="12" name="test_case[37]" time="0.000431537628174"></testcase><testcase classname="generate-results" file="generate-results.py" line="12" name="test_case[38]" time="0.000412940979004"></testcase><testcase classname="generate-results" file="generate-results.py" line="12" name="test_case[39]" time="0.000437021255493"></testcase><testcase classname="generate-results" file="generate-results.py" line="12" name="test_case[40]" time="0.000427961349487"></testcase><testcase classname="generate-results" file="generate-results.py" line="12" name="test_case[41]" time="0.000423192977905"></testcase><testcase classname="generate-results" file="generate-results.py" line="12" name="test_case[42]" time="0.000463247299194"></testcase><testcase classname="generate-results" file="generate-results.py" line="12" name="test_case[43]" time="0.00044584274292"></testcase><testcase classname="generate-results" file="generate-results.py" line="12" name="test_case[44]" time="0.000447988510132"></testcase><testcase classname="generate-results" file="generate-results.py" line="12" name="test_case[45]" time="0.000438928604126"></testcase><testcase classname="generate-results" file="generate-results.py" line="12" name="test_case[46]" time="0.000444173812866"></testcase><testcase classname="generate-results" file="generate-results.py" line="12" name="test_case[47]" time="0.00041389465332"></testcase><testcase classname="generate-results" file="generate-results.py" line="12" name="test_case[48]" time="0.000426769256592"></testcase><testcase classname="generate-results" file="generate-results.py" line="12" name="test_case[49]" time="0.000442981719971"></testcase><testcase classname="generate-results" file="generate-results.py" line="12" name="test_case[50]" time="0.000458955764771"></testcase><testcase classname="generate-results" file="generate-results.py" line="12" name="test_case[51]" time="0.000455856323242"></testcase><testcase classname="generate-results" file="generate-results.py" line="12" name="test_case[52]" time="0.000432014465332"></testcase><testcase classname="generate-results" file="generate-results.py" line="12" name="test_case[53]" time="0.000453948974609"></testcase><testcase classname="generate-results" file="generate-results.py" line="12" name="test_case[54]" time="0.000428199768066"></testcase><testcase classname="generate-results" file="generate-results.py" line="12" name="test_case[55]" time="0.000419855117798"></testcase><testcase classname="generate-results" file="generate-results.py" line="12" name="test_case[56]" time="0.000419616699219"></testcase><testcase classname="generate-results" file="generate-results.py" line="12" name="test_case[57]" time="0.000443935394287"></testcase><testcase classname="generate-results" file="generate-results.py" line="12" name="test_case[58]" time="0.000416040420532"></testcase><testcase classname="generate-results" file="generate-results.py" line="12" name="test_case[59]" time="0.000441789627075"></testcase><testcase classname="generate-results" file="generate-results.py" line="12" name="test_case[60]" time="0.000458240509033"></testcase><testcase classname="generate-results" file="generate-results.py" line="12" name="test_case[61]" time="0.000420808792114"></testcase><testcase classname="generate-results" file="generate-results.py" line="12" name="test_case[62]" time="0.000427961349487"></testcase><testcase classname="generate-results" file="generate-results.py" line="12" name="test_case[63]" time="0.000445127487183"></testcase><testcase classname="generate-results" file="generate-results.py" line="12" name="test_case[64]" time="0.000527858734131"></testcase><testcase classname="generate-results" file="generate-results.py" line="12" name="test_case[65]" time="0.000416994094849"></testcase><testcase classname="generate-results" file="generate-results.py" line="12" name="test_case[66]" time="0.000543117523193"></testcase><testcase classname="generate-results" file="generate-results.py" line="12" name="test_case[67]" time="0.000427007675171"></testcase><testcase classname="generate-results" file="generate-results.py" line="12" name="test_case[68]" time="0.000432014465332"></testcase><testcase classname="generate-results" file="generate-results.py" line="12" name="test_case[69]" time="0.000446081161499"></testcase><testcase classname="generate-results" file="generate-results.py" line="12" name="test_case[70]" time="0.000444173812866"></testcase><testcase classname="generate-results" file="generate-results.py" line="12" name="test_case[71]" time="0.000447988510132"></testcase><testcase classname="generate-results" file="generate-results.py" line="12" name="test_case[72]" time="0.000429153442383"></testcase><testcase classname="generate-results" file="generate-results.py" line="12" name="test_case[73]" time="0.000420331954956"></testcase><testcase classname="generate-results" file="generate-results.py" line="12" name="test_case[74]" time="0.000472784042358"></testcase><testcase classname="generate-results" file="generate-results.py" line="12" name="test_case[75]" time="0.000418901443481"></testcase><testcase classname="generate-results" file="generate-results.py" line="12" name="test_case[76]" time="0.000418186187744"></testcase><testcase classname="generate-results" file="generate-results.py" line="12" name="test_case[77]" time="0.000426054000854"></testcase><testcase classname="generate-results" file="generate-results.py" line="12" name="test_case[78]" time="0.00044322013855"></testcase><testcase classname="generate-results" file="generate-results.py" line="12" name="test_case[79]" time="0.000421047210693"></testcase><testcase classname="generate-results" file="generate-results.py" line="12" name="test_case[80]" time="0.000479936599731"></testcase><testcase classname="generate-results" file="generate-results.py" line="12" name="test_case[81]" time="0.000432968139648"></testcase><testcase classname="generate-results" file="generate-results.py" line="12" name="test_case[82]" time="0.000452041625977"></testcase><testcase classname="generate-results" file="generate-results.py" line="12" name="test_case[83]" time="0.000423669815063"></testcase><testcase classname="generate-results" file="generate-results.py" line="12" name="test_case[84]" time="0.000431776046753"></testcase><testcase classname="generate-results" file="generate-results.py" line="12" name="test_case[85]" time="0.000478744506836"></testcase><testcase classname="generate-results" file="generate-results.py" line="12" name="test_case[86]" time="0.000474214553833"></testcase><testcase classname="generate-results" file="generate-results.py" line="12" name="test_case[87]" time="0.000466823577881"></testcase><testcase classname="generate-results" file="generate-results.py" line="12" name="test_case[88]" time="0.000472784042358"></testcase><testcase classname="generate-results" file="generate-results.py" line="12" name="test_case[89]" time="0.000419855117798"></testcase><testcase classname="generate-results" file="generate-results.py" line="12" name="test_case[90]" time="0.00043511390686"></testcase><testcase classname="generate-results" file="generate-results.py" line="12" name="test_case[91]" time="0.000432968139648"></testcase><testcase classname="generate-results" file="generate-results.py" line="12" name="test_case[92]" time="0.000423908233643"></testcase><testcase classname="generate-results" file="generate-results.py" line="12" name="test_case[93]" time="0.000416040420532"></testcase><testcase classname="generate-results" file="generate-results.py" line="12" name="test_case[94]" time="0.00041675567627"></testcase><testcase classname="generate-results" file="generate-results.py" line="12" name="test_case[95]" time="0.000417709350586"></testcase><testcase classname="generate-results" file="generate-results.py" line="12" name="test_case[96]" time="0.000457048416138"></testcase><testcase classname="generate-results" file="generate-results.py" line="12" name="test_case[97]" time="0.000434160232544"></testcase><testcase classname="generate-results" file="generate-results.py" line="12" name="test_case[98]" time="0.000434160232544"></testcase><testcase classname="generate-results" file="generate-results.py" line="12" name="test_case[99]" time="0.000508785247803"></testcase></testsuite>
